// Jest Snapshot v1, https://goo.gl/fbAQLP

exports[`extraFiles 1`] = `
Object {
  "linux": Array [
    Object {
      "arch": "x64",
      "file": "TestApp-1.1.0-x86_64.AppImage",
      "updateInfo": Object {
        "blockMapSize": "@blockMapSize",
        "sha512": "@sha512",
        "size": "@size",
      },
    },
    Object {
      "arch": "ia32",
      "file": "TestApp-1.1.0-ia32.zip",
      "safeArtifactName": "TestApp-1.1.0-ia32.zip",
    },
  ],
}
`;

exports[`validation 1`] = `"ERR_CONFIG_INVALID"`;
