// Jest Snapshot v1, https://goo.gl/fbAQLP

exports[`parseDn 1`] = `
Map {
  "CN" => "7digital Limited",
  "O" => "7digital Limited",
  "L" => "London",
  "C" => "GB",
}
`;

exports[`sign electronDist 1`] = `"ENOENT"`;

exports[`sign forceCodeSigning 1`] = `"ERR_ELECTRON_BUILDER_INVALID_CONFIGURATION"`;
